// Vitest Snapshot v1, https://vitest.dev/guide/snapshot.html

exports[`NotFound Component > should match snapshot 1`] = `
<div>
  <div
    class="MuiBox-root css-18i0c6l"
  >
    <div
      class="MuiPaper-root MuiPaper-elevation MuiPaper-rounded MuiPaper-elevation0 css-ut118t-MuiPaper-root"
    >
      <svg
        aria-hidden="true"
        class="MuiSvgIcon-root MuiSvgIcon-fontSizeMedium css-16yp2h7-MuiSvgIcon-root"
        data-testid="SearchOffIcon"
        focusable="false"
        viewBox="0 0 24 24"
      >
        <path
          d="M15.5 14h-.79l-.28-.27C15.41 12.59 16 11.11 16 9.5 16 5.91 13.09 3 9.5 3 6.08 3 3.28 5.64 3.03 9h2.02C5.3 6.75 7.18 5 9.5 5 11.99 5 14 7.01 14 9.5S11.99 14 9.5 14c-.17 0-.33-.03-.5-.05v2.02c.17.02.33.03.5.03 1.61 0 3.09-.59 4.23-1.57l.27.28v.79l5 4.99L20.49 19z"
        />
        <path
          d="M6.47 10.82 4 13.29l-2.47-2.47-.71.71L3.29 14 .82 16.47l.71.71L4 14.71l2.47 2.47.71-.71L4.71 14l2.47-2.47z"
        />
      </svg>
      <h3
        class="MuiTypography-root MuiTypography-h3 MuiTypography-gutterBottom css-fdirzg-MuiTypography-root"
      >
        404
      </h3>
      <h5
        class="MuiTypography-root MuiTypography-h5 MuiTypography-gutterBottom css-2rlgx-MuiTypography-root"
      >
        Page Not Found
      </h5>
      <p
        class="MuiTypography-root MuiTypography-body1 css-14865dd-MuiTypography-root"
      >
        The page you are looking for might have been removed, had its name changed, or is temporarily unavailable.
      </p>
      <div
        class="MuiBox-root css-hi8lfv"
      >
        <button
          class="MuiButtonBase-root MuiButton-root MuiButton-contained MuiButton-containedPrimary MuiButton-sizeMedium MuiButton-containedSizeMedium MuiButton-colorPrimary MuiButton-root MuiButton-contained MuiButton-containedPrimary MuiButton-sizeMedium MuiButton-containedSizeMedium MuiButton-colorPrimary css-1f8hfrx-MuiButtonBase-root-MuiButton-root"
          tabindex="0"
          type="button"
        >
          <span
            class="MuiButton-icon MuiButton-startIcon MuiButton-iconSizeMedium css-1d6wzja-MuiButton-startIcon"
          >
            <svg
              aria-hidden="true"
              class="MuiSvgIcon-root MuiSvgIcon-fontSizeMedium css-i4bv87-MuiSvgIcon-root"
              data-testid="HomeIcon"
              focusable="false"
              viewBox="0 0 24 24"
            >
              <path
                d="M10 20v-6h4v6h5v-8h3L12 3 2 12h3v8z"
              />
            </svg>
          </span>
          Go to Dashboard
          <span
            class="MuiTouchRipple-root css-8je8zh-MuiTouchRipple-root"
          />
        </button>
        <button
          class="MuiButtonBase-root MuiButton-root MuiButton-outlined MuiButton-outlinedPrimary MuiButton-sizeMedium MuiButton-outlinedSizeMedium MuiButton-colorPrimary MuiButton-root MuiButton-outlined MuiButton-outlinedPrimary MuiButton-sizeMedium MuiButton-outlinedSizeMedium MuiButton-colorPrimary css-1bws5i8-MuiButtonBase-root-MuiButton-root"
          tabindex="0"
          type="button"
        >
          Go Back
          <span
            class="MuiTouchRipple-root css-8je8zh-MuiTouchRipple-root"
          />
        </button>
      </div>
      <div
        class="MuiBox-root css-ppgqr"
      >
        <p
          class="MuiTypography-root MuiTypography-body2 css-160hgrl-MuiTypography-root"
        >
          If you believe this is an error, please contact support.
        </p>
        <button
          class="MuiButtonBase-root MuiButton-root MuiButton-text MuiButton-textPrimary MuiButton-sizeSmall MuiButton-textSizeSmall MuiButton-colorPrimary MuiButton-root MuiButton-text MuiButton-textPrimary MuiButton-sizeSmall MuiButton-textSizeSmall MuiButton-colorPrimary css-1knaqv7-MuiButtonBase-root-MuiButton-root"
          tabindex="0"
          type="button"
        >
          Contact Support
          <span
            class="MuiTouchRipple-root css-8je8zh-MuiTouchRipple-root"
          />
        </button>
      </div>
    </div>
  </div>
</div>
`;
